
Performing getoptr test on DSP#19: OSS Virtual Mixer v2.5 Playback CH #7
Starting output. Srate=48000, channels=1, fmt=0x10
Nominal data rate 96000 b/sec
